I/qemu-props(  851): received: qemu.sf.fake_camera=back
I/qemu-props(  851): receiving..
D/qemud   (  805): fdhandler_event: disconnect on fd 10
I/qemu-props(  851): exiting (5 properties set).
D/AndroidRuntime(  799): 
D/AndroidRuntime(  799): >>>>>> AndroidRuntime START com.android.internal.os.ZygoteInit <<<<<<
D/AndroidRuntime(  799): CheckJNI is ON
I/        (  800): ServiceManager: 0x8d32d50
D/AudioHardwareInterface(  800): setMode(NORMAL)
I/CameraService(  800): CameraService started (pid=800)
I/AudioFlinger(  800): AudioFlinger's thread 0x8d345d8 ready to run
D/qemud   (  805): fdhandler_accept_event: accepting on fd 9
D/qemud   (  805): created client 0x9b94068 listening on fd 10
D/qemud   (  805): fdhandler_event: disconnect on fd 10
D/qemud   (  805): fdhandler_accept_event: accepting on fd 9
D/qemud   (  805): created client 0x9b94068 listening on fd 10
D/qemud   (  805): client_fd_receive: attempting registration for service 'gsm'
D/qemud   (  805): client_fd_receive:    -> received channel id 2
D/qemud   (  805): client_registration: registration succeeded for client 2
I/SamplingProfilerIntegration(  799): Profiler is disabled.
I/Zygote  (  799): Preloading classes...
E/Zygote  (  799): setreuid() failed. errno: 30
D/dalvikvm(  799): GC_EXPLICIT freed 45K, 78% free 232K/1024K, external 0K/0K, paused 24ms
D/dalvikvm(  799): GC_EXPLICIT freed 1K, 73% free 284K/1024K, external 0K/0K, paused 5ms
D/dalvikvm(  799): GC_EXPLICIT freed 21K, 70% free 316K/1024K, external 0K/0K, paused 5ms
D/dalvikvm(  799): GC_EXPLICIT freed 16K, 66% free 355K/1024K, external 0K/0K, paused 5ms
D/dalvikvm(  799): GC_EXPLICIT freed 27K, 63% free 382K/1024K, external 0K/0K, paused 6ms
D/dalvikvm(  799): GC_EXPLICIT freed 17K, 58% free 436K/1024K, external 0K/0K, paused 6ms
W/MediaProfiles(  799): could not find media config xml file
D/dalvikvm(  799): GC_EXPLICIT freed 99K, 48% free 540K/1024K, external 0K/0K, paused 8ms
D/dalvikvm(  799): GC_EXPLICIT freed 265K, 25% free 870K/1155K, external 0K/0K, paused 19ms
D/dalvikvm(  799): GC_EXPLICIT freed 20K, 21% free 916K/1155K, external 0K/0K, paused 15ms
D/RenderScript_jni(  799): RenderScript JNI library not found!
D/dalvikvm(  799): GC_EXPLICIT freed 24K, 20% free 981K/1219K, external 0K/0K, paused 17ms
D/dalvikvm(  799): GC_EXPLICIT freed 46K, 7% free 1255K/1347K, external 0K/0K, paused 24ms
D/dalvikvm(  799): GC_EXPLICIT freed 24K, 5% free 1286K/1347K, external 0K/0K, paused 25ms
D/dalvikvm(  799): GC_EXPLICIT freed 29K, 3% free 1311K/1347K, external 0K/0K, paused 24ms
D/dalvikvm(  799): GC_EXPLICIT freed 14K, 5% free 1351K/1411K, external 0K/0K, paused 26ms
W/Zygote  (  799): Class not found for preloading: android.widget.TextView$SelectionModifierCursorController$1
D/dalvikvm(  799): GC_EXPLICIT freed 29K, 3% free 1377K/1411K, external 0K/0K, paused 22ms
D/dalvikvm(  799): GC_EXPLICIT freed 26K, 5% free 1413K/1475K, external 0K/0K, paused 26ms
D/dalvikvm(  799): GC_EXPLICIT freed 38K, 4% free 1430K/1475K, external 0K/0K, paused 25ms
D/dalvikvm(  799): GC_EXPLICIT freed 40K, 7% free 1446K/1539K, external 0K/0K, paused 27ms
D/dalvikvm(  799): GC_EXPLICIT freed 52K, 6% free 1458K/1539K, external 0K/0K, paused 24ms
D/dalvikvm(  799): GC_FOR_MALLOC freed 2919K, 57% free 2204K/5123K, external 0K/0K, paused 82ms
D/dalvikvm(  799): GC_EXPLICIT freed 2189K, 53% free 2432K/5123K, external 0K/0K, paused 71ms
D/dalvikvm(  799): GC_EXPLICIT freed 135K, 52% free 2503K/5123K, external 0K/0K, paused 53ms
D/dalvikvm(  799): GC_EXPLICIT freed 71K, 51% free 2528K/5123K, external 0K/0K, paused 45ms
D/dalvikvm(  799): GC_EXPLICIT freed 36K, 51% free 2546K/5123K, external 0K/0K, paused 47ms
D/dalvikvm(  799): GC_EXPLICIT freed 31K, 50% free 2570K/5123K, external 0K/0K, paused 45ms
D/dalvikvm(  799): GC_EXPLICIT freed 36K, 50% free 2591K/5123K, external 0K/0K, paused 48ms
I/Zygote  (  799): ...preloaded 1829 classes in 8207ms.
E/Zygote  (  799): setreuid() failed. errno: 30
D/dalvikvm(  799): GC_EXPLICIT freed 18K, 50% free 2588K/5123K, external 0K/0K, paused 45ms
I/Zygote  (  799): Preloading resources...
D/dalvikvm(  799): GC_EXTERNAL_ALLOC freed <1K, 50% free 2590K/5123K, external 0K/0K, paused 48ms
D/dalvikvm(  799): GC_EXTERNAL_ALLOC freed 10K, 49% free 2616K/5123K, external 519K/521K, paused 49ms
D/dalvikvm(  799): GC_EXPLICIT freed 8K, 49% free 2634K/5123K, external 920K/1048K, paused 52ms
D/dalvikvm(  799): GC_EXTERNAL_ALLOC freed 15K, 49% free 2638K/5123K, external 1046K/1048K, paused 47ms
I/Zygote  (  799): ...preloaded 51 resources in 939ms.
D/dalvikvm(  799): GC_EXPLICIT freed 13K, 49% free 2663K/5123K, external 1527K/1559K, paused 40ms
I/Zygote  (  799): ...preloaded 15 resources in 84ms.
D/dalvikvm(  799): GC_EXPLICIT freed 17K, 49% free 2657K/5123K, external 1527K/1559K, paused 46ms
D/dalvikvm(  799): GC_EXPLICIT freed 4K, 49% free 2653K/5123K, external 1527K/1559K, paused 49ms
D/dalvikvm(  799): GC_EXPLICIT freed <1K, 49% free 2653K/5123K, external 1527K/1559K, paused 46ms
I/dalvikvm(  799): System server process 862 has been created
I/Zygote  (  799): Accepting command socket connections
E/BatteryService(  862): usbOnlinePath not found
E/BatteryService(  862): batteryVoltagePath not found
E/BatteryService(  862): batteryTemperaturePath not found
I/sysproc (  862): Entered system_init()
I/sysproc (  862): ServiceManager: 0x8271cd8
I/SurfaceFlinger(  862): SurfaceFlinger is starting
I/SurfaceFlinger(  862): SurfaceFlinger's main thread ready to run. Initializing graphics H/W...
D/gralloc_goldfish(  862): Emulator without GPU emulation detected.
I/gralloc (  862): using (fd=24)
I/gralloc (  862): id           = 
I/gralloc (  862): xres         = 480 px
I/gralloc (  862): yres         = 800 px
I/gralloc (  862): xres_virtual = 480 px
I/gralloc (  862): yres_virtual = 1600 px
I/gralloc (  862): bpp          = 16
I/gralloc (  862): r            = 11:5
I/gralloc (  862): g            =  5:6
I/gralloc (  862): b            =  0:5
I/gralloc (  862): width        = 74 mm (164.756760 dpi)
I/gralloc (  862): height       = 123 mm (165.203247 dpi)
I/gralloc (  862): refresh rate = 260.42 Hz
D/libEGL  (  862): Emulator without GPU support detected. Fallback to software renderer.
D/libEGL  (  862): loaded /system/lib/egl/libGLES_android.so
I/SurfaceFlinger(  862): EGL informations:
I/SurfaceFlinger(  862): # of configs : 8
I/SurfaceFlinger(  862): vendor    : Android
I/SurfaceFlinger(  862): version   : 1.4 Android META-EGL
I/SurfaceFlinger(  862): extensions: EGL_KHR_image EGL_KHR_image_base EGL_KHR_image_pixmap EGL_ANDROID_image_native_buffer EGL_ANDROID_swap_rectangle 
I/SurfaceFlinger(  862): Client API: OpenGL ES
I/SurfaceFlinger(  862): EGLSurface: 5-6-5-0, config=0x0
I/SurfaceFlinger(  862): OpenGL informations:
I/SurfaceFlinger(  862): vendor    : Android
I/SurfaceFlinger(  862): renderer  : Android PixelFlinger 1.4
I/SurfaceFlinger(  862): version   : OpenGL ES-CM 1.0
I/SurfaceFlinger(  862): extensions: GL_OES_byte_coordinates GL_OES_fixed_point GL_OES_single_precision GL_OES_read_format GL_OES_compressed_paletted_texture GL_OES_draw_texture GL_OES_matrix_get GL_OES_query_matrix GL_OES_EGL_image GL_OES_compressed_ETC1_RGB8_texture GL_ARB_texture_compression GL_ARB_texture_non_power_of_two GL_ANDROID_user_clip_plane GL_ANDROID_vertex_buffer_object GL_ANDROID_generate_mipmap 
I/SurfaceFlinger(  862): GL_MAX_TEXTURE_SIZE = 4096
I/SurfaceFlinger(  862): GL_MAX_VIEWPORT_DIMS = 4096
I/SurfaceFlinger(  862): flags = 000c0000
D/SensorService(  862): nuSensorService starting...
E/SensorService(  862): couldn't open device for module sensors (Invalid argument)
I/sysproc (  862): System server: starting Android runtime.
I/sysproc (  862): System server: starting Android services.
I/SystemServer(  862): Entered the Android system server!
I/sysproc (  862): System server: entering thread pool.
I/SystemServer(  862): Entropy Service
W/EntropyService(  862): unable to load initial entropy (first boot?)
W/EntropyService(  862): java.io.FileNotFoundException: /data/system/entropy.dat (No such file or directory)
W/EntropyService(  862): 	at org.apache.harmony.luni.platform.OSFileSystem.open(Native Method)
W/EntropyService(  862): 	at dalvik.system.BlockGuard$WrappedFileSystem.open(BlockGuard.java:232)
W/EntropyService(  862): 	at java.io.FileInputStream.<init>(FileInputStream.java:80)
W/EntropyService(  862): 	at java.io.FileInputStream.<init>(FileInputStream.java:132)
W/EntropyService(  862): 	at com.android.server.RandomBlock.fromFile(RandomBlock.java:45)
W/EntropyService(  862): 	at com.android.server.EntropyService.loadInitialEntropy(EntropyService.java:99)
W/EntropyService(  862): 	at com.android.server.EntropyService.<init>(EntropyService.java:86)
W/EntropyService(  862): 	at com.android.server.EntropyService.<init>(EntropyService.java:76)
W/EntropyService(  862): 	at com.android.server.ServerThread.run(SystemServer.java:134)
D/libEGL  (  872): Emulator without GPU support detected. Fallback to software renderer.
D/libEGL  (  872): loaded /system/lib/egl/libGLES_android.so
D/gralloc_goldfish(  872): Emulator without GPU emulation detected.
W/zipro   (  872): Unable to open zip '/data/local/bootanimation.zip': No such file or directory
W/zipro   (  872): Unable to open zip '/system/media/bootanimation.zip': No such file or directory
I/SystemServer(  862): Power Manager
I/SystemServer(  862): Activity Manager
I/ActivityManager(  862): Memory class: 24
I/SystemServer(  862): Telephony Registry
I/SystemServer(  862): Package Manager
I/Installer(  862): connecting...
I/installd(  802): new connection
I/PackageManager(  862): No settings file; creating initial state
W/PackageManager(  862): Running ENG build: no pre-dexopt!
I/PackageManager(  862): /system/framework/framework-res.apk changed; collecting certs
D/dalvikvm(  862): GC_CONCURRENT freed 167K, 47% free 3003K/5639K, external 1527K/1559K, paused 8ms+16ms
D/dalvikvm(  862): GC_CONCURRENT freed 246K, 46% free 3257K/6023K, external 1527K/1559K, paused 7ms+6ms
D/dalvikvm(  862): GC_FOR_MALLOC freed 373K, 48% free 3265K/6279K, external 1527K/1559K, paused 47ms
D/dalvikvm(  862): GC_FOR_MALLOC freed 140K, 46% free 3409K/6279K, external 1527K/1559K, paused 65ms
D/dalvikvm(  862): GC_FOR_MALLOC freed 255K, 47% free 3410K/6407K, external 1527K/1559K, paused 65ms
D/dalvikvm(  862): GC_CONCURRENT freed 302K, 44% free 3688K/6471K, external 1527K/1559K, paused 0ms+9ms
D/dalvikvm(  862): GC_CONCURRENT freed 199K, 40% free 4150K/6855K, external 1527K/1559K, paused 8ms+11ms
I/PackageManager(  862): /system/app/DownloadProvider.apk changed; collecting certs
I/PackageManager(  862): New shared user android.media: id=10000
I/PackageManager(  862): /system/app/Music.apk changed; collecting certs
D/dalvikvm(  862): GC_CONCURRENT freed 544K, 42% free 4379K/7431K, external 1527K/1559K, paused 3ms+31ms
I/PackageManager(  862): /system/app/Protips.apk changed; collecting certs
I/PackageManager(  862): /system/app/Email.apk changed; collecting certs
D/dalvikvm(  862): GC_CONCURRENT freed 1903K, 58% free 3296K/7687K, external 1527K/1559K, paused 5ms+9ms
I/PackageManager(  862): /system/app/Development.apk changed; collecting certs
I/PackageManager(  862): /system/app/Calculator.apk changed; collecting certs
D/dalvikvm(  862): GC_CONCURRENT freed 543K, 58% free 3297K/7687K, external 1527K/1559K, paused 7ms+10ms
I/PackageManager(  862): /system/app/VoiceDialer.apk changed; collecting certs
I/PackageManager(  862): /system/app/Mms.apk changed; collecting certs
D/dalvikvm(  862): GC_CONCURRENT freed 546K, 58% free 3296K/7687K, external 1527K/1559K, paused 7ms+16ms
I/PackageManager(  862): /system/app/LatinIME.apk changed; collecting certs
D/dalvikvm(  862): GC_CONCURRENT freed 464K, 57% free 3377K/7687K, external 1527K/1559K, paused 17ms+17ms
I/PackageManager(  862): /system/app/ApplicationsProvider.apk changed; collecting certs
I/PackageManager(  862): New shared user android.uid.shared: id=10009
I/PackageManager(  862): /system/app/DefaultContainerService.apk changed; collecting certs
I/PackageManager(  862): /system/app/DownloadProviderUi.apk changed; collecting certs
D/dalvikvm(  862): GC_CONCURRENT freed 594K, 57% free 3348K/7687K, external 1527K/1559K, paused 11ms+23ms
I/PackageManager(  862): /system/app/Launcher2.apk changed; collecting certs
D/dalvikvm(  862): GC_CONCURRENT freed 593K, 57% free 3313K/7687K, external 1527K/1559K, paused 7ms+8ms
W/PackageParser(  862): No actions in intent filter at /system/app/Bluetooth.apk Binary XML file line #124
I/PackageManager(  862): /system/app/Bluetooth.apk changed; collecting certs
I/PackageManager(  862): /system/app/Term.apk changed; collecting certs
I/PackageManager(  862): /system/app/HTMLViewer.apk changed; collecting certs
I/PackageManager(  862): /system/app/Provision.apk changed; collecting certs
D/dalvikvm(  862): GC_CONCURRENT freed 410K, 56% free 3452K/7687K, external 1527K/1559K, paused 6ms+13ms
I/PackageManager(  862): /system/app/SystemUI.apk changed; collecting certs
I/PackageManager(  862): /system/app/UserDictionaryProvider.apk changed; collecting certs
D/dalvikvm(  862): GC_CONCURRENT freed 682K, 57% free 3354K/7687K, external 1527K/1559K, paused 6ms+8ms
I/PackageManager(  862): /system/app/ContactsProvider.apk changed; collecting certs
I/PackageManager(  862): /system/app/CertInstaller.apk changed; collecting certs
I/PackageManager(  862): /system/app/PackageInstaller.apk changed; collecting certs
I/PackageManager(  862): /system/app/PicoTts.apk changed; collecting certs
D/dalvikvm(  862): GC_CONCURRENT freed 493K, 56% free 3421K/7687K, external 1527K/1559K, paused 21ms+12ms
I/PackageManager(  862): /system/app/Gallery3D.apk changed; collecting certs
I/PackageManager(  862): /system/app/QuickSearchBox.apk changed; collecting certs
D/dalvikvm(  862): GC_CONCURRENT freed 621K, 57% free 3376K/7687K, external 1527K/1559K, paused 6ms+10ms
I/PackageManager(  862): /system/app/Phone.apk changed; collecting certs
D/dalvikvm(  862): GC_CONCURRENT freed 457K, 55% free 3482K/7687K, external 1527K/1559K, paused 7ms+8ms
I/PackageManager(  862): /system/app/AccountAndSyncSettings.apk changed; collecting certs
D/dalvikvm(  862): GC_CONCURRENT freed 439K, 53% free 3622K/7687K, external 1527K/1559K, paused 5ms+16ms
I/PackageManager(  862): /system/app/DeskClock.apk changed; collecting certs
I/PackageManager(  862): /system/app/PinyinIME.apk changed; collecting certs
D/dalvikvm(  862): GC_CONCURRENT freed 417K, 51% free 3831K/7687K, external 1527K/1559K, paused 5ms+13ms
I/PackageManager(  862): /system/app/SoundRecorder.apk changed; collecting certs
I/PackageManager(  862): /system/app/DrmProvider.apk changed; collecting certs
I/PackageManager(  862): /system/app/CalendarProvider.apk changed; collecting certs
I/PackageManager(  862): New shared user android.uid.calendar: id=10023
D/dalvikvm(  862): GC_CONCURRENT freed 913K, 55% free 3534K/7687K, external 1527K/1559K, paused 9ms+8ms
I/PackageManager(  862): /system/app/Settings.apk changed; collecting certs
D/dalvikvm(  862): GC_CONCURRENT freed 516K, 53% free 3623K/7687K, external 1527K/1559K, paused 8ms+18ms
I/PackageManager(  862): /system/app/Camera.apk changed; collecting certs
D/dalvikvm(  862): GC_CONCURRENT freed 372K, 52% free 3752K/7687K, external 1527K/1559K, paused 3ms+11ms
I/PackageManager(  862): /system/app/Browser.apk changed; collecting certs
D/dalvikvm(  862): GC_CONCURRENT freed 730K, 53% free 3669K/7687K, external 1527K/1559K, paused 13ms+8ms
I/PackageManager(  862): /system/app/Calendar.apk changed; collecting certs
I/PackageManager(  862): /system/app/SpeechRecorder.apk changed; collecting certs
I/PackageManager(  862): /system/app/Contacts.apk changed; collecting certs
D/dalvikvm(  862): GC_CONCURRENT freed 573K, 52% free 3733K/7687K, external 1527K/1559K, paused 5ms+12ms
D/dalvikvm(  862): GC_CONCURRENT freed 630K, 52% free 3758K/7687K, external 1527K/1559K, paused 0ms+7ms
I/PackageManager(  862): /system/app/VpnServices.apk changed; collecting certs
I/PackageManager(  862): /system/app/TelephonyProvider.apk changed; collecting certs
I/PackageManager(  862): /system/app/MediaProvider.apk changed; collecting certs
I/PackageManager(  862): /system/app/TtsService.apk changed; collecting certs
I/PackageManager(  862): /system/app/SettingsProvider.apk changed; collecting certs
D/dalvikvm(  862): GC_CONCURRENT freed 485K, 49% free 3933K/7687K, external 1527K/1559K, paused 5ms+13ms
I/PackageManager(  862): /system/app/OpenWnn.apk changed; collecting certs
D/dalvikvm(  862): GC_CONCURRENT freed 816K, 52% free 3704K/7687K, external 1527K/1559K, paused 5ms+4ms
I/PackageManager(  862): /system/app/SpareParts.apk changed; collecting certs
D/dalvikvm(  862): GC_CONCURRENT freed 297K, 48% free 4050K/7687K, external 1527K/1559K, paused 6ms+10ms
D/PackageManager(  862): No files in app dir /vendor/app
I/PackageManager(  862): Time to scan packages: 10.128 seconds
I/PackageManager(  862): Platform changed from 0 to 10; regranting permissions for internal storage
W/PackageManager(  862): Unknown permission com.google.android.gm.permission.WRITE_GMAIL in package com.android.settings
W/PackageManager(  862): Unknown permission com.google.android.gm.permission.READ_GMAIL in package com.android.settings
W/PackageManager(  862): Unknown permission com.google.android.googleapps.permission.GOOGLE_AUTH in package com.android.settings
W/PackageManager(  862): Unknown permission com.google.android.googleapps.permission.GOOGLE_AUTH in package com.android.providers.contacts
W/PackageManager(  862): Unknown permission com.google.android.googleapps.permission.GOOGLE_AUTH.cp in package com.android.providers.contacts
W/PackageManager(  862): Unknown permission com.google.android.googleapps.permission.GOOGLE_AUTH.mail in package com.android.contacts
W/PackageManager(  862): Unknown permission android.permission.ADD_SYSTEM_SERVICE in package com.android.phone
W/PackageManager(  862): Unknown permission com.google.android.googleapps.permission.GOOGLE_AUTH in package com.android.providers.calendar
W/PackageManager(  862): Unknown permission com.google.android.googleapps.permission.GOOGLE_AUTH.cl in package com.android.providers.calendar
W/PackageManager(  862): Unknown permission com.google.android.googleapps.permission.ACCESS_GOOGLE_PASSWORD in package com.android.development
W/PackageManager(  862): Unknown permission com.google.android.googleapps.permission.GOOGLE_AUTH in package com.android.development
W/PackageManager(  862): Unknown permission com.google.android.googleapps.permission.GOOGLE_AUTH.ALL_SERVICES in package com.android.development
W/PackageManager(  862): Unknown permission com.google.android.googleapps.permission.GOOGLE_AUTH.YouTubeUser in package com.android.development
W/PackageManager(  862): Unknown permission com.google.android.googleapps.permission.GOOGLE_AUTH.mail in package com.android.calendar
W/PackageManager(  862): Not granting permission android.permission.SEND_DOWNLOAD_COMPLETED_INTENTS to package com.android.browser (protectionLevel=2 flags=0x9be45)
W/PackageManager(  862): Unknown permission android.permission.READ_OWNER_DATA in package com.android.email
W/PackageManager(  862): Not granting permission android.permission.DEVICE_POWER to package com.android.deskclock (protectionLevel=2 flags=0x8be45)
D/dalvikvm(  862): GC_EXPLICIT freed 344K, 49% free 3969K/7687K, external 1527K/1559K, paused 52ms
I/SystemServer(  862): Account Manager
I/SystemServer(  862): Content Manager
I/SyncManager(  862): No initial accounts
I/SyncManager(  862): No initial status
I/SyncManager(  862): No initial pending operations
I/SyncManager(  862): No initial statistics
I/SystemServer(  862): System Content Providers
I/ActivityThread(  862): Pub settings: com.android.providers.settings.SettingsProvider
W/SettingsProvider(  862): Unable to add bookmark: com.google.android.gm/com.google.android.gm.ConversationListActivityGmail
W/SettingsProvider(  862): android.content.pm.PackageManager$NameNotFoundException: ComponentInfo{com.google.android.gm/com.google.android.gm.ConversationListActivityGmail}
W/SettingsProvider(  862): 	at android.app.ContextImpl$ApplicationPackageManager.getActivityInfo(ContextImpl.java:1844)
W/SettingsProvider(  862): 	at com.android.providers.settings.DatabaseHelper.loadBookmarks(DatabaseHelper.java:887)
W/SettingsProvider(  862): 	at com.android.providers.settings.DatabaseHelper.loadBookmarks(DatabaseHelper.java:925)
W/SettingsProvider(  862): 	at com.android.providers.settings.DatabaseHelper.onCreate(DatabaseHelper.java:135)
W/SettingsProvider(  862): 	at android.database.sqlite.SQLiteOpenHelper.getWritableDatabase(SQLiteOpenHelper.java:126)
W/SettingsProvider(  862): 	at android.database.sqlite.SQLiteOpenHelper.getReadableDatabase(SQLiteOpenHelper.java:187)
W/SettingsProvider(  862): 	at com.android.providers.settings.SettingsProvider.query(SettingsProvider.java:404)
W/SettingsProvider(  862): 	at com.android.providers.settings.SettingsProvider.ensureAndroidIdIsSet(SettingsProvider.java:323)
W/SettingsProvider(  862): 	at com.android.providers.settings.SettingsProvider.onCreate(SettingsProvider.java:259)
W/SettingsProvider(  862): 	at android.content.ContentProvider.attachInfo(ContentProvider.java:798)
W/SettingsProvider(  862): 	at android.app.ActivityThread.installProvider(ActivityThread.java:3554)
W/SettingsProvider(  862): 	at android.app.ActivityThread.installContentProviders(ActivityThread.java:3309)
W/SettingsProvider(  862): 	at android.app.ActivityThread.installSystemProviders(ActivityThread.java:3660)
W/SettingsProvider(  862): 	at com.android.server.am.ActivityManagerService.installSystemProviders(ActivityManagerService.java:5565)
W/SettingsProvider(  862): 	at com.android.server.ServerThread.run(SystemServer.java:170)
W/SettingsProvider(  862): Unable to add bookmark: com.android.im/com.android.im.app.LandingPage
W/SettingsProvider(  862): android.content.pm.PackageManager$NameNotFoundException: ComponentInfo{com.android.im/com.android.im.app.LandingPage}
W/SettingsProvider(  862): 	at android.app.ContextImpl$ApplicationPackageManager.getActivityInfo(ContextImpl.java:1844)
W/SettingsProvider(  862): 	at com.android.providers.settings.DatabaseHelper.loadBookmarks(DatabaseHelper.java:887)
W/SettingsProvider(  862): 	at com.android.providers.settings.DatabaseHelper.loadBookmarks(DatabaseHelper.java:925)
W/SettingsProvider(  862): 	at com.android.providers.settings.DatabaseHelper.onCreate(DatabaseHelper.java:135)
W/SettingsProvider(  862): 	at android.database.sqlite.SQLiteOpenHelper.getWritableDatabase(SQLiteOpenHelper.java:126)
W/SettingsProvider(  862): 	at android.database.sqlite.SQLiteOpenHelper.getReadableDatabase(SQLiteOpenHelper.java:187)
W/SettingsProvider(  862): 	at com.android.providers.settings.SettingsProvider.query(SettingsProvider.java:404)
W/SettingsProvider(  862): 	at com.android.providers.settings.SettingsProvider.ensureAndroidIdIsSet(SettingsProvider.java:323)
W/SettingsProvider(  862): 	at com.android.providers.settings.SettingsProvider.onCreate(SettingsProvider.java:259)
W/SettingsProvider(  862): 	at android.content.ContentProvider.attachInfo(ContentProvider.java:798)
W/SettingsProvider(  862): 	at android.app.ActivityThread.installProvider(ActivityThread.java:3554)
W/SettingsProvider(  862): 	at android.app.ActivityThread.installContentProviders(ActivityThread.java:3309)
W/SettingsProvider(  862): 	at android.app.ActivityThread.installSystemProviders(ActivityThread.java:3660)
W/SettingsProvider(  862): 	at com.android.server.am.ActivityManagerService.installSystemProviders(ActivityManagerService.java:5565)
W/SettingsProvider(  862): 	at com.android.server.ServerThread.run(SystemServer.java:170)
D/SettingsProvider(  862): Generated and saved new ANDROID_ID [c37155c284f5c0]
I/SystemServer(  862): Battery Service
I/SystemServer(  862): Lights Service
I/SystemServer(  862): Vibrator Service
D/qemud   (  805): fdhandler_accept_event: accepting on fd 9
D/qemud   (  805): created client 0x9b99ed8 listening on fd 11
D/qemud   (  805): client_fd_receive: attempting registration for service 'hw-control'
D/qemud   (  805): client_fd_receive:    -> received channel id 3
D/SettingsProvider(  862): cache for settings table 'secure' rows=20; fullycached=true
D/qemud   (  805): client_registration: registration succeeded for client 3
D/SettingsProvider(  862): cache for settings table 'system' rows=44; fullycached=true
I/SystemServer(  862): Alarm Manager
I/SystemServer(  862): Init Watchdog
I/SystemServer(  862): Window Manager
I/InputManager(  862): Initializing input manager
I/InputManager(  862): Starting input manager
I/SystemServer(  862): Registering null Bluetooth Service (emulator)
E/System  (  862): Failure starting core service
E/System  (  862): java.lang.SecurityException
E/System  (  862): 	at android.os.BinderProxy.transact(Native Method)
E/System  (  862): 	at android.os.ServiceManagerProxy.addService(ServiceManagerNative.java:146)
E/System  (  862): 	at android.os.ServiceManager.addService(ServiceManager.java:72)
E/System  (  862): 	at com.android.server.ServerThread.run(SystemServer.java:207)
I/SystemServer(  862): Device Policy
I/SystemServer(  862): Status Bar
I/SystemServer(  862): Clipboard Service
I/SystemServer(  862): Input Method Service
I/EventHub(  862): New keyboard: device->id=0x10000 devname='qwerty2' propName='hw.keyboards.65536.devname' keylayout='/system/usr/keylayout/qwerty.kl'
I/EventHub(  862): New device: path=/dev/input/event0 name=qwerty2 id=0x10000 (of 0x1) index=1 fd=90 classes=0x2d
E/EventHub(  862): could not get driver version for /dev/input/mouse0, Not a typewriter
E/EventHub(  862): could not get driver version for /dev/input/mice, Not a typewriter
I/EventHub(  862): New keyboard: device->id=0x10001 devname='AT Translated Set 2 keyboard' propName='hw.keyboards.65537.devname' keylayout='/system/usr/keylayout/qwerty.kl'
I/EventHub(  862): New device: path=/dev/input/event1 name=AT Translated Set 2 keyboard id=0x10001 (of 0x2) index=2 fd=93 classes=0x3
I/InputManager-Callbacks(  862): No input device calibration properties found for device AT Translated Set 2 keyboard.
I/InputReader(  862): Device added: id=0x10001, name=AT Translated Set 2 keyboard, sources=00000101
I/InputManager-Callbacks(  862): No input device calibration properties found for device qwerty2.
I/InputReader(  862): Device added: id=0x0, name=qwerty2, sources=00011307
W/ResourceType(  862): Failure getting entry for 0x7f060000 (t=5 e=0) in package 0 (error -75)
I/InputManagerService(  862): Enabled input methods: com.android.inputmethod.latin/.LatinIME:com.android.inputmethod.pinyin/.PinyinIME:jp.co.omronsoft.openwnn/.OpenWnnJAJP
I/InputManagerService(  862): Enabled input methods or default IME has not been set, enabling all
I/InputManagerService(  862): Adding: com.android.inputmethod.latin/.LatinIME
I/InputManagerService(  862): Selected default: com.android.inputmethod.latin/.LatinIME
I/InputManagerService(  862): Adding: com.android.inputmethod.pinyin/.PinyinIME
I/InputManagerService(  862): Adding: jp.co.omronsoft.openwnn/.OpenWnnJAJP
I/SystemServer(  862): NetStat Service
I/SystemServer(  862): NetworkManagement Service
I/SystemServer(  862): Connectivity Service
I/WifiService(  862): WifiService starting up with Wi-Fi disabled
D/NetworkManagmentService(  862): Registering observer
I/SystemServer(  862): Throttle Service
I/SystemServer(  862): Accessibility Manager
I/SystemServer(  862): Mount Service
D/VoldCmdListener(  795): volume list
I/PackageManager(  862): Updating external media status from unmounted to unmounted
I/SystemServer(  862): Notification Manager
I/SystemServer(  862): Device Storage Monitor
I/SystemServer(  862): Location Manager
I/SystemServer(  862): Search Service
I/SystemServer(  862): DropBox Service
I/SystemServer(  862): Wallpaper Service
D/VoldCmdListener(  795): share status ums
W/WallpaperService(  862): failed parsing /data/system/wallpaper_info.xml java.io.FileNotFoundException: /data/system/wallpaper_info.xml (No such file or directory)
I/SystemServer(  862): Audio Service
D/dalvikvm(  862): GC_CONCURRENT freed 867K, 53% free 3686K/7687K, external 1527K/1559K, paused 4ms+2ms
D/AudioHardwareInterface(  800): setMode(NORMAL)
W/AudioPolicyManagerBase(  800): setPhoneState() setting same state 0
I/SystemServer(  862): Headset Observer
W/HeadsetObserver(  862): This kernel does not have wired headset support
I/SystemServer(  862): Dock Observer
W/DockObserver(  862): This kernel does not have dock station support
I/SystemServer(  862): USB Service
W/UsbDeviceSettingsManager(  862): settings file not found
I/UsbService(  862): This kernel does not have USB configuration switch support
I/SystemServer(  862): UI Mode Manager Service
I/SystemServer(  862): Backup Service
V/BackupManagerService(  862): No ancestral data
I/BackupManagerService(  862): Backup enabled => false
I/SystemServer(  862): AppWidget Service
I/SystemServer(  862): Recognition Service
I/SystemServer(  862): DiskStats Service
I/WindowManager(  862): SAFE MODE not enabled
D/PowerManagerService(  862): system ready!
I/ActivityManager(  862): Starting: Intent { act=android.intent.action.MAIN cat=[android.intent.category.HOME] flg=0x10000000 cmp=com.android.provision/.DefaultActivity } from pid 0
I/ActivityManager(  862): Sending system update to: ComponentInfo{com.android.providers.contacts/com.android.providers.contacts.ContactsUpgradeReceiver}
I/ActivityManager(  862): Sending system update to: ComponentInfo{com.android.providers.calendar/com.android.providers.calendar.CalendarUpgradeReceiver}
I/Zygote  (  862): Process: zygote socket opened
I/ActivityManager(  862): Start proc android.process.acore for broadcast com.android.providers.contacts/.ContactsUpgradeReceiver: pid=918 uid=10009 gids={3003, 1015}
I/SystemServer(  862): Enabled StrictMode for system server main thread.
I/ActivityManager(  862): Launching preboot mode app: ProcessRecord{b6dd3cf8 918:android.process.acore/10009}
I/ContactsUpgradeReceiver(  918): Creating or opening contacts database
I/ContactsDatabaseHelper(  918): Bootstrapping database
D/dalvikvm(  918): GC_CONCURRENT freed 397K, 52% free 2725K/5639K, external 1527K/1559K, paused 5ms+7ms
I/ContactsProviderV1(  918): Bootstrapping database legacy support
D/dalvikvm(  918): GC_CONCURRENT freed 384K, 51% free 2795K/5703K, external 1527K/1559K, paused 6ms+4ms
I/ActivityManager(  862): Start proc com.android.providers.calendar for broadcast com.android.providers.calendar/.CalendarUpgradeReceiver: pid=935 uid=10023 gids={3003}
I/ActivityManager(  862): Launching preboot mode app: ProcessRecord{b6dd7450 935:com.android.providers.calendar/10023}
I/CalendarUpgradeReceiver(  935): Creating or opening calendar database
D/dalvikvm(  935): GC_CONCURRENT freed 405K, 52% free 2716K/5639K, external 1527K/1559K, paused 4ms+5ms
I/CalendarDatabaseHelper(  935): Bootstrapping database
I/ActivityManager(  862): Writing new set of last done pre-boot receivers...
I/ActivityManager(  862): Removing system update proc: ProcessRecord{b6dd3cf8 918:android.process.acore/10009}
I/Process (  862): Sending signal. PID: 918 SIG: 9
I/ActivityManager(  862): Removing system update proc: ProcessRecord{b6dd7450 935:com.android.providers.calendar/10023}
I/Process (  862): Sending signal. PID: 935 SIG: 9
I/ActivityManager(  862): System now ready
I/SystemServer(  862): Making services ready
I/StatusBarManagerService(  862): Starting service: ComponentInfo{com.android.systemui/com.android.systemui.statusbar.StatusBarService}
I/ActivityManager(  862): Start proc com.android.systemui for service com.android.systemui/.statusbar.StatusBarService: pid=945 uid=1000 gids={3002, 3001, 3003}
I/ActivityManager(  862): Config changed: { scale=1.0 imsi=0/0 loc=en_US touch=0 keys=0/0/0 nav=0/0 orien=0 layout=0 uiMode=17 seq=2}
W/RecognitionManagerService(  862): no available voice recognition services found
I/UsbService(  862): Device not provisioned, skipping USB broadcast
I/ActivityManager(  862): Start proc com.android.inputmethod.latin for service com.android.inputmethod.latin/.LatinIME: pid=955 uid=10008 gids={}
D/NetworkManagmentService(  862): Registering observer
E/ThrottleService(  862): Could not open GPS configuration file /etc/gps.conf
E/ThrottleService(  862): Error reading data file
I/ActivityManager(  862): Start proc com.android.phone for added application com.android.phone: pid=965 uid=1001 gids={3002, 3001, 3003, 1015}
I/ActivityManager(  862): Start proc com.android.systemui for added application com.android.systemui: pid=970 uid=1000 gids={3002, 3001, 3003}
D/dalvikvm(  955): GC_CONCURRENT freed 382K, 52% free 2758K/5639K, external 1527K/1559K, paused 4ms+8ms
D/dalvikvm(  862): GC_CONCURRENT freed 431K, 50% free 3898K/7687K, external 1527K/1559K, paused 5ms+10ms
D/SettingsProvider(  862): external modification to /data/data/com.android.providers.settings/databases/settings.db; event=2
D/SettingsProvider(  862): updating our caches for /data/data/com.android.providers.settings/databases/settings.db
D/SettingsProvider(  862): cache for settings table 'secure' rows=24; fullycached=true
D/dalvikvm(  862): GC_EXTERNAL_ALLOC freed 93K, 50% free 3882K/7687K, external 1527K/1559K, paused 95ms
I/ActivityManager(  862): Start proc com.android.provision for activity com.android.provision/.DefaultActivity: pid=982 uid=10015 gids={}
W/ActivityManager(  862): No pending application record for pid 945 (IApplicationThread android.app.ApplicationThreadProxy@b6d828f8); dropping process
I/Process (  862): Sending signal. PID: 945 SIG: 9
D/SettingsProvider(  862): cache for settings table 'system' rows=45; fullycached=true
W/GpsLocationProvider(  862): Could not open GPS configuration file /etc/gps.conf
D/dalvikvm(  862): GREF has increased to 201
I/ActivityManager(  862): Config changed: { scale=1.0 imsi=0/0 loc=en_US touch=3 keys=2/1/2 nav=3/1 orien=1 layout=34 uiMode=17 seq=3}
I//system/bin/tc(  796): Cannot find device "rmnet0"
I/logwrapper(  796): /system/bin/tc terminated by exit(1)
I//system/bin/tc(  796): Cannot find device "rmnet0"
I/logwrapper(  796): /system/bin/tc terminated by exit(1)
I//system/bin/tc(  796): Cannot find device "ifb0"
I/logwrapper(  796): /system/bin/tc terminated by exit(1)
I/ActivityManager(  862): Start proc android.process.acore for content provider com.android.providers.userdictionary/.UserDictionaryProvider: pid=1005 uid=10009 gids={3003, 1015}
W/ActivityManager(  862): Unable to start service Intent { act=@0 }: not found
W/ActivityManager(  862): Unable to start service Intent { act=@0 }: not found
D/dalvikvm(  965): GC_CONCURRENT freed 384K, 51% free 2765K/5639K, external 1527K/1559K, paused 5ms+5ms
D/qemud   (  805): fdhandler_accept_event: accepting on fd 9
D/qemud   (  805): created client 0x9b99f28 listening on fd 12
D/qemud   (  805): client_fd_receive: attempting registration for service 'gps'
D/qemud   (  805): client_fd_receive:    -> received channel id 4
D/qemud   (  805): client_registration: registration succeeded for client 4
D/dalvikvm(  955): GC_EXTERNAL_ALLOC freed 64K, 50% free 2828K/5639K, external 1527K/1559K, paused 130ms
I/ActivityManager(  862): Start proc com.android.settings for broadcast com.android.settings/.widget.SettingsAppWidgetProvider: pid=1015 uid=1000 gids={3002, 3001, 3003}
I//system/bin/tc(  796): Cannot find device "rmnet0"
I/logwrapper(  796): /system/bin/tc terminated by exit(1)
I//system/bin/tc(  796): Cannot find device "rmnet0"
I/logwrapper(  796): /system/bin/tc terminated by exit(1)
I//system/bin/tc(  796): Cannot find device "ifb0"
I/logwrapper(  796): /system/bin/tc terminated by exit(1)
D/dalvikvm(  799): GC_EXPLICIT freed 10K, 51% free 2664K/5379K, external 1527K/1559K, paused 582ms
I/ActivityThread(  965): Pub mms: com.android.providers.telephony.MmsProvider
D/dalvikvm(  955): GC_EXTERNAL_ALLOC freed 9K, 50% free 2837K/5639K, external 2187K/2217K, paused 525ms
D/dalvikvm(  799): GC_EXPLICIT freed <1K, 51% free 2664K/5379K, external 1527K/1559K, paused 66ms
D/dalvikvm(  799): GC_EXPLICIT freed <1K, 51% free 2664K/5379K, external 1527K/1559K, paused 13ms
I/ActivityThread(  965): Pub sms: com.android.providers.telephony.SmsProvider
W/BackupManagerService(  862): dataChanged but no participant pkg='com.android.providers.settings' uid=10015
I/ActivityThread(  965): Pub telephony: com.android.providers.telephony.TelephonyProvider
I/ActivityThread(  965): Pub icc: com.android.phone.IccProvider
I/ActivityThread(  965): Pub mms-sms: com.android.providers.telephony.MmsSmsProvider
I/ActivityThread( 1005): Pub com.android.social: com.android.providers.contacts.SocialProvider
D/dalvikvm(  970): GC_CONCURRENT freed 317K, 51% free 2767K/5575K, external 1527K/1559K, paused 2ms+16ms
D/dalvikvm(  862): GC_CONCURRENT freed 541K, 48% free 4017K/7687K, external 2127K/2656K, paused 2ms+4ms
D/dalvikvm( 1015): GC_CONCURRENT freed 392K, 51% free 2779K/5639K, external 1527K/1559K, paused 4ms+6ms
D/dalvikvm(  862): GC_EXPLICIT freed 207K, 49% free 3963K/7687K, external 2127K/2656K, paused 140ms
I/ActivityManager(  862): Force stopping package com.android.provision uid=10015
I/Process (  862): Sending signal. PID: 982 SIG: 9
I/ActivityManager(  862): Starting: Intent { act=android.intent.action.MAIN cat=[android.intent.category.HOME] flg=0x10000000 cmp=com.android.launcher/com.android.launcher2.Launcher } from pid 0
I/ActivityManager(  862): Start proc com.android.launcher for activity com.android.launcher/com.android.launcher2.Launcher: pid=1042 uid=10011 gids={}
D/CallManager(  965): registerPhone(GSM Handler{b6db1d60})
I/ActivityThread( 1005): Pub applications: com.android.providers.applications.ApplicationsProvider
W/ActivityManager(  862): Unable to start service Intent { act=com.android.ussd.IExtendedNetworkService }: not found
I/ActivityThread( 1042): Pub com.android.launcher2.settings: com.android.launcher2.LauncherProvider
I/ActivityManager(  862): Start proc com.android.voicedialer for broadcast com.android.voicedialer/.VoiceDialerReceiver: pid=1057 uid=10006 gids={3002}
D/dalvikvm( 1005): GC_CONCURRENT freed 402K, 52% free 2744K/5639K, external 1527K/1559K, paused 5ms+94ms
D/AlarmManagerService(  862): Kernel timezone updated to 240 minutes west of GMT
I/ActivityThread( 1005): Pub contacts;com.android.contacts: com.android.providers.contacts.ContactsProvider2
D/SystemClock(  965): Setting time of day to sec=1409082695
D/dalvikvm( 1042): GC_EXTERNAL_ALLOC freed 400K, 52% free 2750K/5639K, external 1547K/1559K, paused 187ms
I/TelephonyRegistry(  862): notifyDataConnection: state=0 isDataConnectivityPossible=false reason=radioTurnedOff interfaceName=null networkType=0
I/TelephonyRegistry(  862): notifyDataConnection: state=0 isDataConnectivityPossible=false reason=gprsDetached interfaceName=null networkType=0
D/VoiceDialerReceiver( 1057): onReceive Intent { act=android.intent.action.PACKAGE_CHANGED dat=package:com.android.provision flg=0x10000000 cmp=com.android.voicedialer/.VoiceDialerReceiver (has extras) }
V/RecognizerEngine( 1057): deleteCachedGrammarFiles /data/data/com.android.voicedialer/files/openentries.txt
I/ActivityManager(  862): Start proc com.android.deskclock for broadcast com.android.deskclock/.AlarmInitReceiver: pid=1067 uid=10021 gids={}
D/dalvikvm(  970): GC_EXTERNAL_ALLOC freed 55K, 51% free 2740K/5575K, external 1543K/1559K, paused 1301ms
I/TelephonyRegistry(  862): notifyServiceState: 0 home Android Android 310260  UMTS CSS not supported 0 0RoamInd: 0DefRoamInd: 0EmergOnly: false
I/ActivityThread( 1067): Pub com.android.deskclock: com.android.deskclock.AlarmProvider
I/TelephonyRegistry(  862): notifyDataConnection: state=0 isDataConnectivityPossible=false reason=null interfaceName=null networkType=3
D/dalvikvm( 1042): GC_EXTERNAL_ALLOC freed 94K, 51% free 2791K/5639K, external 1839K/2081K, paused 120ms
D/dalvikvm(  862): GC_EXTERNAL_ALLOC freed 410K, 49% free 3930K/7687K, external 2127K/2656K, paused 368ms
V/ContactsProvider( 1005): Importing legacy contacts
I/ActivityThread( 1005): Pub call_log: com.android.providers.contacts.CallLogProvider
I/ActivityThread( 1005): Pub user_dictionary: com.android.providers.userdictionary.UserDictionaryProvider
W/BackupManagerService(  862): dataChanged but no participant pkg='com.android.providers.settings' uid=10021
I/ContactsDatabaseHelper( 1005): Switching to locale en_US
D/dalvikvm(  965): GC_CONCURRENT freed 239K, 48% free 3054K/5831K, external 1527K/1559K, paused 4ms+5ms
D/MccTable(  965): updateMccMncConfiguration: mcc=310, mnc=260
D/MccTable(  965): locale set to en_us
D/ResourceType(  965): calling getConfigurations
D/ResourceType(  965): called getConfigurations size=23
I/ActivityManager(  862): Config changed: { scale=1.0 imsi=0/0 loc=en_US touch=3 keys=2/1/2 nav=3/1 orien=1 layout=34 uiMode=17 seq=4}
D/dalvikvm( 1042): GC_EXTERNAL_ALLOC freed 27K, 51% free 2814K/5639K, external 2540K/2544K, paused 215ms
D/MccTable(  965): WIFI_NUM_ALLOWED_CHANNELS set to 11
I/WifiService(  862): WifiService trying to setNumAllowed to 11 with persist set to true
D/SettingsProvider(  862): external modification to /data/data/com.android.providers.settings/databases/settings.db; event=2
D/SettingsProvider(  862): updating our caches for /data/data/com.android.providers.settings/databases/settings.db
I/ActivityManager(  862): Config changed: { scale=1.0 imsi=310/260 loc=en_US touch=3 keys=2/1/2 nav=3/1 orien=1 layout=34 uiMode=17 seq=5}
D/dalvikvm( 1042): GC_EXTERNAL_ALLOC freed 9K, 50% free 2827K/5639K, external 3197K/3203K, paused 166ms
D/dalvikvm(  862): GC_EXTERNAL_ALLOC freed 150K, 49% free 3939K/7687K, external 3327K/4155K, paused 278ms
I/TelephonyRegistry(  862): notifyMessageWaitingChanged: false
D/SettingsProvider(  862): cache for settings table 'secure' rows=26; fullycached=true
D/dalvikvm( 1005): GC_CONCURRENT freed 212K, 49% free 2965K/5703K, external 1527K/1559K, paused 4ms+4ms
I/TelephonyRegistry(  862): notifyCallForwardingChanged: false
D/SettingsProvider(  862): cache for settings table 'system' rows=46; fullycached=true
I/StatusBarManagerService(  862): registerStatusBar bar=com.android.internal.statusbar.IStatusBar$Stub$Proxy@b6e17fb0
I/SearchManagerService(  862): Building list of searchable activities
D/VoldCmdListener(  795): share status ums
D/StorageNotification(  970): Startup with UMS connection false (media state unmounted)
D/TelephonyProvider(  965): Setting numeric '310260' to be the current operator
I/TelephonyRegistry(  862): notifyDataConnection: state=1 isDataConnectivityPossible=true reason=simLoaded interfaceName=null networkType=3
I/TelephonyRegistry(  862): notifyDataConnection: state=2 isDataConnectivityPossible=true reason=simLoaded interfaceName=/dev/omap_csmi_tty1 networkType=3
I/StorageNotification(  970): UMS connection changed to false (media state unmounted)
D/TelephonyProvider(  965): Setting numeric '310260' to be the current operator
I/TelephonyRegistry(  862): notifyDataConnection: state=0 isDataConnectivityPossible=false reason=apnChanged interfaceName=null networkType=3
I/TelephonyRegistry(  862): notifyDataConnection: state=1 isDataConnectivityPossible=true reason=apnChanged interfaceName=null networkType=3
I/TelephonyRegistry(  862): notifyDataConnection: state=2 isDataConnectivityPossible=true reason=apnChanged interfaceName=/dev/omap_csmi_tty1 networkType=3
D/dalvikvm( 1042): GC_EXTERNAL_ALLOC freed 54K, 50% free 2871K/5639K, external 3710K/4023K, paused 239ms
I/ContactsDatabaseHelper( 1005): Locale change completed in 3234ms
I/ActivityManager(  862): Start proc com.android.quicksearchbox for broadcast com.android.quicksearchbox/.SearchWidgetProvider: pid=1100 uid=10020 gids={3003}
I/LegacyContactImporter( 1005): Legacy contacts database does not exist at /data/data/com.android.providers.contacts/databases/contacts.db
V/ContactsProvider( 1005): Completed import of legacy contacts
W/Resources( 1042): Converting to int: TypedValue{t=0x3/d=0x10 "4" a=-1}
W/Resources( 1042): Converting to int: TypedValue{t=0x3/d=0xe "1" a=-1}
W/Resources( 1042): Converting to int: TypedValue{t=0x3/d=0x10 "4" a=-1}
W/Resources( 1042): Converting to int: TypedValue{t=0x3/d=0xe "1" a=-1}
I/ActivityThread( 1100): Pub com.android.quicksearchbox.google: com.android.quicksearchbox.google.GoogleSuggestionProvider
I/ActivityThread( 1100): Pub com.android.quicksearchbox.shortcuts: com.android.quicksearchbox.ShortcutsProvider
D/dalvikvm( 1042): GC_EXTERNAL_ALLOC freed 41K, 49% free 2894K/5639K, external 4849K/4874K, paused 77ms
D/dalvikvm(  862): GREF has increased to 301
D/dalvikvm( 1042): GC_EXPLICIT freed 32K, 49% free 2910K/5639K, external 5312K/6087K, paused 87ms
I/ActivityManager(  862): Displayed com.android.launcher/com.android.launcher2.Launcher: +7s714ms (total +14s254ms)
I/ActivityManager(  862): Start proc com.android.protips for broadcast com.android.protips/.ProtipWidget: pid=1108 uid=10002 gids={}
D/gralloc_goldfish( 1042): Emulator without GPU emulation detected.
D/dalvikvm(  862): GC_EXPLICIT freed 422K, 48% free 4028K/7687K, external 3627K/4827K, paused 25ms
D/MobileDataStateTracker(  862): CONNECTED event did not supply a default gateway.
D/MobileDataStateTracker(  862): CONNECTED event did not supply a default gateway.
D/Tethering(  862): MasterInitialState.processMessage what=3
D/Tethering(  862): MasterInitialState.processMessage what=3
D/PowerManagerService(  862): bootCompleted
D/VoldCmdListener(  795): volume mount /mnt/sdcard
I/Vold    (  795): /dev/block/vold/179:0 being considered for volume sdcard
D/Vold    (  795): Volume sdcard state changing 1 (Idle-Unmounted) -> 3 (Checking)
W/logwrapper( 1121): Unable to background process (No such file or directory)
I//system/bin/fsck_msdos(  795): ** /dev/block/vold/179:0
I//system/bin/fsck_msdos(  795): ** Phase 1 - Read and Compare FATs
I//system/bin/fsck_msdos(  795): Attempting to allocate 2044 KB for FAT
I//system/bin/fsck_msdos(  795): Attempting to allocate 2044 KB for FAT
D/dalvikvm( 1042): GC_EXTERNAL_ALLOC freed 209K, 48% free 3089K/5831K, external 6084K/6087K, paused 304ms
I//system/bin/fsck_msdos(  795): ** Phase 2 - Check Cluster Chains
I//system/bin/fsck_msdos(  795): ** Phase 3 - Checking Directories
I//system/bin/fsck_msdos(  795): ** Phase 4 - Checking for Lost Files
I//system/bin/fsck_msdos(  795): Next free cluster in FSInfo block (46293) not free
I//system/bin/fsck_msdos(  795): FIXED
I//system/bin/fsck_msdos(  795): 33 files, 993472 free (496736 clusters)
I/Vold    (  795): Filesystem check completed OK
I/Vold    (  795): Device /dev/block/vold/179:0, target /mnt/sdcard mounted @ /mnt/secure/staging
D/Vold    (  795): Volume sdcard state changing 3 (Checking) -> 4 (Mounted)
D/dalvikvm(  862): GC_EXPLICIT freed 351K, 48% free 4006K/7687K, external 3627K/4827K, paused 127ms
I/ActivityManager(  862): Start proc com.android.music for broadcast com.android.music/.MediaAppWidgetProvider: pid=1123 uid=10001 gids={3003, 1015}
I/PackageManager(  862): Updating external media status from unmounted to mounted
D/VoldCmdListener(  795): asec list
I/PackageManager(  862): No secure containers on sdcard
I/PackageManager(  862): Platform changed from 0 to 10; regranting permissions for external storage
W/PackageManager(  862): Unknown permission com.google.android.gm.permission.WRITE_GMAIL in package com.android.settings
W/PackageManager(  862): Unknown permission com.google.android.gm.permission.READ_GMAIL in package com.android.settings
D/dalvikvm( 1042): GC_EXPLICIT freed 161K, 49% free 3027K/5831K, external 4712K/5163K, paused 57ms
D/gralloc_goldfish(  970): Emulator without GPU emulation detected.
I/SurfaceFlinger(  862): Boot is finished (29095 ms)
I/StorageNotification(  970): Media {/mnt/sdcard} state changed from {unmounted} -> {checking}
W/PackageManager(  862): Unknown permission com.google.android.googleapps.permission.GOOGLE_AUTH in package com.android.settings
W/PackageManager(  862): Unknown permission com.google.android.googleapps.permission.GOOGLE_AUTH in package com.android.providers.contacts
W/PackageManager(  862): Unknown permission com.google.android.googleapps.permission.GOOGLE_AUTH.cp in package com.android.providers.contacts
W/PackageManager(  862): Unknown permission com.google.android.googleapps.permission.GOOGLE_AUTH.mail in package com.android.contacts
W/PackageManager(  862): Unknown permission android.permission.ADD_SYSTEM_SERVICE in package com.android.phone
W/PackageManager(  862): Unknown permission com.google.android.googleapps.permission.GOOGLE_AUTH in package com.android.providers.calendar
W/PackageManager(  862): Unknown permission com.google.android.googleapps.permission.GOOGLE_AUTH.cl in package com.android.providers.calendar
W/PackageManager(  862): Unknown permission com.google.android.googleapps.permission.ACCESS_GOOGLE_PASSWORD in package com.android.development
W/PackageManager(  862): Unknown permission com.google.android.googleapps.permission.GOOGLE_AUTH in package com.android.development
W/PackageManager(  862): Unknown permission com.google.android.googleapps.permission.GOOGLE_AUTH.ALL_SERVICES in package com.android.development
W/PackageManager(  862): Unknown permission com.google.android.googleapps.permission.GOOGLE_AUTH.YouTubeUser in package com.android.development
W/PackageManager(  862): Unknown permission com.google.android.googleapps.permission.GOOGLE_AUTH.mail in package com.android.calendar
W/PackageManager(  862): Not granting permission android.permission.SEND_DOWNLOAD_COMPLETED_INTENTS to package com.android.browser (protectionLevel=2 flags=0x9be45)
W/PackageManager(  862): Unknown permission android.permission.READ_OWNER_DATA in package com.android.email
W/PackageManager(  862): Not granting permission android.permission.DEVICE_POWER to package com.android.deskclock (protectionLevel=2 flags=0x8be45)
