I/ActivityManager(  862): Start proc android.process.media for broadcast com.android.providers.downloads/.DownloadReceiver: pid=1132 uid=10000 gids={1015, 2001, 3003}
I/StorageNotification(  970): Media {/mnt/sdcard} state changed from {checking} -> {mounted}
I/ActivityThread( 1132): Pub media: com.android.providers.media.MediaProvider
V/MediaProvider( 1132): Attached volume: internal
V/MediaProvider( 1132): /mnt/sdcard volume ID: 267271448
I/MediaProvider( 1132): Upgrading media database from version 63 to 100, which will destroy all old data
D/dalvikvm(  970): GC_EXTERNAL_ALLOC freed 124K, 48% free 2952K/5575K, external 2042K/2073K, paused 57ms
V/MediaProvider( 1132): Attached volume: external
I/ActivityThread( 1132): Pub downloads: com.android.providers.downloads.DownloadProvider
I/ActivityThread( 1132): Pub drm: com.android.providers.drm.DrmProvider
D/OtaStartupReceiver(  965): Not a CDMA phone, no need to process OTA
I/RecoverySystem(  862): No recovery log file
I/DownloadManager( 1132): Upgrading downloads database from version 0 to version 106, which will destroy all old data
I/ActivityManager(  862): Start proc com.android.email for broadcast com.android.email/.service.EmailBroadcastReceiver: pid=1144 uid=10003 gids={3003, 1015}
I/ActivityThread( 1144): Pub com.android.email.provider: com.android.email.provider.EmailProvider
I/ActivityThread( 1144): Pub com.android.email.attachmentprovider: com.android.email.provider.AttachmentProvider
I/ActivityThread( 1144): Pub com.android.exchange.provider: com.android.exchange.provider.ExchangeProvider
D/VoiceDialerReceiver( 1057): onReceive Intent { act=android.intent.action.BOOT_COMPLETED cmp=com.android.voicedialer/.VoiceDialerReceiver }
V/RecognizerEngine( 1057): deleteCachedGrammarFiles /data/data/com.android.voicedialer/files/openentries.txt
I/ActivityManager(  862): Start proc com.android.mms for broadcast com.android.mms/.transaction.MmsSystemEventReceiver: pid=1155 uid=10007 gids={3003, 1015}
D/EAS SyncManager( 1144): !!! EAS SyncManager, onCreate
D/EAS SyncManager( 1144): !!! EAS SyncManager, onStartCommand
D/EmailProvider( 1144): Creating EmailProvider database
I/ActivityThread( 1155): Pub com.android.mms.SuggestionsProvider: com.android.mms.SuggestionsProvider
D/Email   ( 1144): BOOT_COMPLETED
I/Email   ( 1144): Onetime initialization: 1
I/Email   ( 1144): Onetime initialization: completed.
D/EmailProvider( 1144): Creating EmailProviderBody database
D/EAS SyncManager( 1144): !!! EAS SyncManager, stopping self
D/Eas Debug( 1144): Logging: 
D/EAS SyncManager( 1144): !!! EAS SyncManager, onDestroy
I/ActivityManager(  862): Start proc com.android.bluetooth for broadcast com.android.bluetooth/.opp.BluetoothOppReceiver: pid=1187 uid=10012 gids={3003, 3002, 3001, 1015}
D/dalvikvm(  965): GREF has increased to 201
D/EAS SyncManager( 1144): !!! EAS SyncManager, onCreate
D/EAS SyncManager( 1144): !!! EAS SyncManager, onStartCommand
D/EAS SyncManager( 1144): !!! EAS SyncManager, stopping self
D/EAS SyncManager( 1144): !!! EAS SyncManager, onStartCommand
I/ActivityThread( 1187): Pub com.android.bluetooth.opp: com.android.bluetooth.opp.BluetoothOppProvider
D/EAS SyncManager( 1144): !!! EAS SyncManager, stopping self
D/EAS SyncManager( 1144): !!! EAS SyncManager, onDestroy
W/BtOpp Service( 1187): Local BT device is not enabled
W/BtOpp Service( 1187): Local BT device is not enabled
I/ActivityManager(  862): Start proc com.android.providers.calendar for broadcast com.android.providers.calendar/.CalendarReceiver: pid=1202 uid=10023 gids={3003}
D/dalvikvm(  799): GC_EXPLICIT freed 10K, 51% free 2664K/5379K, external 1527K/1559K, paused 146ms
D/dalvikvm(  799): GC_EXPLICIT freed <1K, 51% free 2664K/5379K, external 1527K/1559K, paused 153ms
D/dalvikvm(  799): GC_EXPLICIT freed <1K, 51% free 2664K/5379K, external 1527K/1559K, paused 152ms
I/ActivityThread( 1202): Pub com.android.calendar: com.android.providers.calendar.CalendarProvider2
D/MediaScannerService( 1132): start scanning volume internal
I/MediaProvider( 1132): Upgrading media database from version 63 to 100, which will destroy all old data
D/Calendar( 1202): missed alarms found: 0
D/Calendar( 1202): missed alarms found: 0
E/MetadataRetrieverClient(  800): failed to extract an album art
W/BackupManagerService(  862): dataChanged but no participant pkg='com.android.providers.settings' uid=10000
E/MetadataRetrieverClient(  800): failed to extract an album art
W/BackupManagerService(  862): dataChanged but no participant pkg='com.android.providers.settings' uid=10000
D/SettingsProvider(  862): external modification to /data/data/com.android.providers.settings/databases/settings.db; event=2
D/SettingsProvider(  862): updating our caches for /data/data/com.android.providers.settings/databases/settings.db
D/SettingsProvider(  862): cache for settings table 'secure' rows=26; fullycached=true
D/SettingsProvider(  862): cache for settings table 'system' rows=48; fullycached=true
I/ActivityManager(  862): Start proc com.cooliris.media for broadcast com.cooliris.media/com.cooliris.cache.BootReceiver: pid=1216 uid=10019 gids={1015, 3003}
I/ActivityThread( 1216): Pub com.cooliris.picasa.contentprovider: com.cooliris.picasa.PicasaContentProvider
D/dalvikvm(  862): GREF has increased to 401
I/BootReceiver( 1216): Got intent with action android.intent.action.MEDIA_MOUNTED
D/SntpClient(  862): request time failed: java.net.SocketTimeoutException: Try again
E/MetadataRetrieverClient(  800): failed to extract an album art
W/BackupManagerService(  862): dataChanged but no participant pkg='com.android.providers.settings' uid=10000
E/MetadataRetrieverClient(  800): failed to extract an album art
D/MediaScanner( 1132):  prescan time: 345ms
D/MediaScanner( 1132):     scan time: 3386ms
D/MediaScanner( 1132): postscan time: 1ms
D/MediaScanner( 1132):    total time: 3732ms
I/BootReceiver( 1216): Got intent with action android.intent.action.MEDIA_SCANNER_FINISHED
D/MediaScannerService( 1132): done scanning volume internal
D/MediaScannerService( 1132): start scanning volume external
E/MetadataRetrieverClient(  800): failed to extract an album art
E/MetadataRetrieverClient(  800): failed to extract an album art
E/MetadataRetrieverClient(  800): failed to extract an album art
D/dalvikvm( 1132): GC_EXTERNAL_ALLOC freed 1051K, 56% free 2906K/6471K, external 1537K/1559K, paused 73ms
V/MediaScanner( 1132): pruneDeadThumbnailFiles... android.database.sqlite.SQLiteCursor@b6df5bb8
V/MediaScanner( 1132): /pruneDeadThumbnailFiles... android.database.sqlite.SQLiteCursor@b6df5bb8
D/MediaScanner( 1132):  prescan time: 40ms
D/MediaScanner( 1132):     scan time: 658ms
D/MediaScanner( 1132): postscan time: 13ms
D/MediaScanner( 1132):    total time: 711ms
I/BootReceiver( 1216): Got intent with action android.intent.action.MEDIA_SCANNER_FINISHED
D/MediaScannerService( 1132): done scanning volume external
D/VoiceDialerReceiver( 1057): onReceive Intent { act=android.intent.action.PACKAGE_CHANGED dat=package:com.android.email flg=0x10000000 cmp=com.android.voicedialer/.VoiceDialerReceiver (has extras) }
V/RecognizerEngine( 1057): deleteCachedGrammarFiles /data/data/com.android.voicedialer/files/openentries.txt
D/dalvikvm(  862): GC_CONCURRENT freed 1073K, 47% free 4081K/7687K, external 3027K/3780K, paused 7ms+8ms
D/AndroidRuntime( 1228): 
D/AndroidRuntime( 1228): >>>>>> AndroidRuntime START com.android.internal.os.RuntimeInit <<<<<<
D/AndroidRuntime( 1228): CheckJNI is ON
D/AndroidRuntime( 1228): Calling main entry com.android.commands.pm.Pm
I/ActivityManager(  862): Start proc com.android.defcontainer for service com.android.defcontainer/.DefaultContainerService: pid=1236 uid=10010 gids={1015, 2001}
D/dalvikvm( 1236): GC_EXPLICIT freed 280K, 51% free 2693K/5447K, external 1527K/1559K, paused 18ms
W/ActivityManager(  862): No content provider found for: 
W/ActivityManager(  862): No content provider found for: 
D/PackageParser(  862): Scanning package: /data/app/vmdl-1193335794.tmp
I/PackageParser(  862): com.example.amazed: compat added android.permission.READ_PHONE_STATE
D/PackageManager(  862): Scanning package com.example.amazed
I/PackageManager(  862): Unpacking native libraries for /data/app/com.example.amazed-1.apk
D/installd(  802): DexInv: --- BEGIN '/data/app/com.example.amazed-1.apk' ---
D/dalvikvm( 1246): DexOpt: load 27ms, verify+opt 185ms
D/installd(  802): DexInv: --- END '/data/app/com.example.amazed-1.apk' (success) ---
I/ActivityManager(  862): Force stopping package com.example.amazed uid=10031
D/PackageManager(  862):   Receivers: com.example.amazed.EmmaInstrument.SMSInstrumentedReceiver
D/PackageManager(  862):   Activities: com.example.amazed.AmazedActivity com.example.amazed.EmmaInstrument.InstrumentedActivity
D/PackageManager(  862):   Instrumentation: com.example.amazed.EmmaInstrument.EmmaInstrumentation
I/installd(  802): move /data/dalvik-cache/data@app@com.example.amazed-1.apk@classes.dex -> /data/dalvik-cache/data@app@com.example.amazed-1.apk@classes.dex
D/PackageManager(  862): New package installed in /data/app/com.example.amazed-1.apk
D/VoiceDialerReceiver( 1057): onReceive Intent { act=android.intent.action.PACKAGE_ADDED dat=package:com.example.amazed flg=0x10000000 cmp=com.android.voicedialer/.VoiceDialerReceiver (has extras) }
V/RecognizerEngine( 1057): deleteCachedGrammarFiles /data/data/com.android.voicedialer/files/openentries.txt
I/ActivityManager(  862): Start proc com.svox.pico for broadcast com.svox.pico/.VoiceDataInstallerReceiver: pid=1249 uid=10018 gids={}
D/dalvikvm(  862): GC_EXPLICIT freed 564K, 47% free 4144K/7687K, external 3027K/3780K, paused 85ms
W/ResourceType(  862): Failure getting entry for 0x7f060000 (t=5 e=0) in package 0 (error -75)
D/AndroidRuntime( 1228): Shutting down VM
D/dalvikvm( 1228): GC_CONCURRENT freed 98K, 72% free 290K/1024K, external 0K/0K, paused 4ms+5ms
D/jdwp    ( 1228): adbd disconnected
I/ActivityThread( 1249): Pub com.svox.pico.providers.SettingsProvider: com.svox.pico.providers.SettingsProvider
W/RecognitionManagerService(  862): no available voice recognition services found
D/AndroidRuntime( 1262): 
D/AndroidRuntime( 1262): >>>>>> AndroidRuntime START com.android.internal.os.RuntimeInit <<<<<<
D/AndroidRuntime( 1262): CheckJNI is ON
D/AndroidRuntime( 1262): Calling main entry com.android.commands.monkey.Monkey
I/ActivityManager(  862): Starting: Intent { act=android.intent.action.MAIN cat=[android.intent.category.LAUNCHER] flg=0x10000000 cmp=com.example.amazed/.AmazedActivity } from pid 1262
I/ActivityManager(  862): Start proc com.example.amazed for activity com.example.amazed/.AmazedActivity: pid=1271 uid=10031 gids={1015}
I/System.out( 1271): EMMA: collecting runtime coverage data ...
D/gralloc_goldfish( 1271): Emulator without GPU emulation detected.
I/ActivityManager(  862): Displayed com.example.amazed/.AmazedActivity: +747ms
W/KeyCharacterMap( 1271): No keyboard for id 0
W/KeyCharacterMap( 1271): Using default keymap: /system/usr/keychars/qwerty.kcm.bin
I/ActivityManager(  862): Starting: Intent { act=android.intent.action.CALL_BUTTON flg=0x10000000 cmp=com.android.contacts/.DialtactsActivity } from pid 1271
D/dalvikvm( 1262): GC_FOR_MALLOC freed 1294K, 64% free 753K/2051K, external 0K/0K, paused 40ms
D/dalvikvm( 1262): GC_CONCURRENT freed 616K, 63% free 765K/2051K, external 0K/0K, paused 2ms+2ms
D/dalvikvm( 1262): GC_CONCURRENT freed 652K, 63% free 766K/2051K, external 0K/0K, paused 1ms+2ms
D/dalvikvm( 1262): GC_CONCURRENT freed 648K, 63% free 766K/2051K, external 0K/0K, paused 1ms+1ms
D/dalvikvm( 1262): GC_CONCURRENT freed 646K, 63% free 767K/2051K, external 0K/0K, paused 1ms+0ms
W/ActivityManager(  862): Launch timeout has expired, giving up wake lock!
W/ActivityManager(  862): Activity idle timeout for HistoryRecord{b6f2c8c0 com.example.amazed/.AmazedActivity}
D/dalvikvm( 1262): GC_CONCURRENT freed 645K, 63% free 767K/2051K, external 0K/0K, paused 1ms+1ms
D/AndroidRuntime( 1271): Shutting down VM
W/dalvikvm( 1271): threadid=1: thread exiting with uncaught exception (group=0xb68574f0)
E/AndroidRuntime( 1271): FATAL EXCEPTION: main
E/AndroidRuntime( 1271): java.lang.NullPointerException
E/AndroidRuntime( 1271): 	at com.example.amazed.AmazedView.onDraw(AmazedView.java:311)
E/AndroidRuntime( 1271): 	at android.view.View.draw(View.java:6880)
E/AndroidRuntime( 1271): 	at android.view.ViewGroup.drawChild(ViewGroup.java:1646)
E/AndroidRuntime( 1271): 	at android.view.ViewGroup.dispatchDraw(ViewGroup.java:1373)
E/AndroidRuntime( 1271): 	at android.view.View.draw(View.java:6883)
E/AndroidRuntime( 1271): 	at android.widget.FrameLayout.draw(FrameLayout.java:357)
E/AndroidRuntime( 1271): 	at android.view.ViewGroup.drawChild(ViewGroup.java:1646)
E/AndroidRuntime( 1271): 	at android.view.ViewGroup.dispatchDraw(ViewGroup.java:1373)
E/AndroidRuntime( 1271): 	at android.view.View.draw(View.java:6883)
E/AndroidRuntime( 1271): 	at android.widget.FrameLayout.draw(FrameLayout.java:357)
E/AndroidRuntime( 1271): 	at com.android.internal.policy.impl.PhoneWindow$DecorView.draw(PhoneWindow.java:1862)
E/AndroidRuntime( 1271): 	at android.view.ViewRoot.draw(ViewRoot.java:1522)
E/AndroidRuntime( 1271): 	at android.view.ViewRoot.performTraversals(ViewRoot.java:1258)
E/AndroidRuntime( 1271): 	at android.view.ViewRoot.handleMessage(ViewRoot.java:1859)
E/AndroidRuntime( 1271): 	at android.os.Handler.dispatchMessage(Handler.java:99)
E/AndroidRuntime( 1271): 	at android.os.Looper.loop(Looper.java:130)
E/AndroidRuntime( 1271): 	at android.app.ActivityThread.main(ActivityThread.java:3683)
E/AndroidRuntime( 1271): 	at java.lang.reflect.Method.invokeNative(Native Method)
E/AndroidRuntime( 1271): 	at java.lang.reflect.Method.invoke(Method.java:507)
E/AndroidRuntime( 1271): 	at com.android.internal.os.ZygoteInit$MethodAndArgsCaller.run(ZygoteInit.java:839)
E/AndroidRuntime( 1271): 	at com.android.internal.os.ZygoteInit.main(ZygoteInit.java:597)
E/AndroidRuntime( 1271): 	at dalvik.system.NativeStart.main(Native Method)
W/ActivityManager(  862):   Force finishing activity com.example.amazed/.AmazedActivity
D/AndroidRuntime( 1282): 
D/AndroidRuntime( 1282): >>>>>> AndroidRuntime START com.android.internal.os.RuntimeInit <<<<<<
D/AndroidRuntime( 1282): CheckJNI is ON
D/AndroidRuntime( 1282): Calling main entry com.android.commands.am.Am
W/ActivityManager(  862): Activity pause timeout for HistoryRecord{b6f2c8c0 com.example.amazed/.AmazedActivity}
W/ActivityManager(  862): Timeout of broadcast BroadcastRecord{b6e7fec0 edu.gatech.m3.emma.COLLECT_COVERAGE} - receiver=android.os.BinderProxy@b6f6dcc0, started 10003ms ago
W/ActivityManager(  862): Receiver during timeout: ResolveInfo{b6e7fdd0 com.example.amazed.EmmaInstrument.SMSInstrumentedReceiver p=0 o=0 m=0x108000}
D/AndroidRuntime( 1282): Shutting down VM
D/dalvikvm( 1282): GC_CONCURRENT freed 99K, 70% free 314K/1024K, external 0K/0K, paused 1ms+1ms
D/jdwp    ( 1282): adbd disconnected
I/ActivityManager(  862): No longer want com.android.settings (pid 1015): hidden #16
I/ActivityManager(  862): Crashing app skipping ANR: ProcessRecord{b6dbf3c8 1271:com.example.amazed/10031} Broadcast of Intent { act=edu.gatech.m3.emma.COLLECT_COVERAGE cmp=com.example.amazed/.EmmaInstrument.SMSInstrumentedReceiver }
